<totalStat><item><type>ACCIDENT</type><amount>3350.0</amount></item><item><type>DRUNK_DRIVING</type><amount>1770.0</amount></item><item><type>SPEEDING</type><amount>1140.0</amount></item></totalStat>